
AVRASM ver. 2.1.30  C:\Documents and Settings\djole\Desktop\CodeVision_test\CV_prj_test\List\test.asm Tue May 03 19:21:25 2016

C:\Documents and Settings\djole\Desktop\CodeVision_test\CV_prj_test\List\test.asm(1074): warning: Register r4 already defined by the .DEF directive
C:\Documents and Settings\djole\Desktop\CodeVision_test\CV_prj_test\List\test.asm(1075): warning: Register r3 already defined by the .DEF directive
C:\Documents and Settings\djole\Desktop\CodeVision_test\CV_prj_test\List\test.asm(1076): warning: Register r6 already defined by the .DEF directive
C:\Documents and Settings\djole\Desktop\CodeVision_test\CV_prj_test\List\test.asm(1077): warning: Register r5 already defined by the .DEF directive
C:\Documents and Settings\djole\Desktop\CodeVision_test\CV_prj_test\List\test.asm(1078): warning: Register r8 already defined by the .DEF directive
C:\Documents and Settings\djole\Desktop\CodeVision_test\CV_prj_test\List\test.asm(1079): warning: Register r7 already defined by the .DEF directive
                 
                 
                 ;CodeVisionAVR C Compiler V2.05.3 Standard
                 ;(C) Copyright 1998-2011 Pavel Haiduc, HP InfoTech s.r.l.
                 ;http://www.hpinfotech.com
                 
                 ;Chip type                : ATmega328P
                 ;Program type             : Application
                 ;Clock frequency          : 20,000000 MHz
                 ;Memory model             : Small
                 ;Optimize for             : Size
                 ;(s)printf features       : int, width
                 ;(s)scanf features        : int, width
                 ;External RAM size        : 0
                 ;Data Stack size          : 512 byte(s)
                 ;Heap size                : 0 byte(s)
                 ;Promote 'char' to 'int'  : Yes
                 ;'char' is unsigned       : Yes
                 ;8 bit enums              : Yes
                 ;Global 'const' stored in FLASH     : No
                 ;Enhanced function parameter passing: Yes
                 ;Enhanced core instructions         : On
                 ;Smart register allocation          : On
                 ;Automatic register allocation      : On
                 
                 	#pragma AVRPART ADMIN PART_NAME ATmega328P
                 	#pragma AVRPART MEMORY PROG_FLASH 32768
                 	#pragma AVRPART MEMORY EEPROM 1024
                 	#pragma AVRPART MEMORY INT_SRAM SIZE 2303
                 	#pragma AVRPART MEMORY INT_SRAM START_ADDR 0x100
                 
                 	#define CALL_SUPPORTED 1
                 
                 	.LISTMAC
                 	.EQU EERE=0x0
                 	.EQU EEWE=0x1
                 	.EQU EEMWE=0x2
                 	.EQU UDRE=0x5
                 	.EQU RXC=0x7
                 	.EQU EECR=0x1F
                 	.EQU EEDR=0x20
                 	.EQU EEARL=0x21
                 	.EQU EEARH=0x22
                 	.EQU SPSR=0x2D
                 	.EQU SPDR=0x2E
                 	.EQU SMCR=0x33
                 	.EQU MCUSR=0x34
                 	.EQU MCUCR=0x35
                 	.EQU WDTCSR=0x60
                 	.EQU UCSR0A=0xC0
                 	.EQU UDR0=0xC6
                 	.EQU SPL=0x3D
                 	.EQU SPH=0x3E
                 	.EQU SREG=0x3F
                 	.EQU GPIOR0=0x1E
                 
                 	.DEF R0X0=R0
                 	.DEF R0X1=R1
                 	.DEF R0X2=R2
                 	.DEF R0X3=R3
                 	.DEF R0X4=R4
                 	.DEF R0X5=R5
                 	.DEF R0X6=R6
                 	.DEF R0X7=R7
                 	.DEF R0X8=R8
                 	.DEF R0X9=R9
                 	.DEF R0XA=R10
                 	.DEF R0XB=R11
                 	.DEF R0XC=R12
                 	.DEF R0XD=R13
                 	.DEF R0XE=R14
                 	.DEF R0XF=R15
                 	.DEF R0X10=R16
                 	.DEF R0X11=R17
                 	.DEF R0X12=R18
                 	.DEF R0X13=R19
                 	.DEF R0X14=R20
                 	.DEF R0X15=R21
                 	.DEF R0X16=R22
                 	.DEF R0X17=R23
                 	.DEF R0X18=R24
                 	.DEF R0X19=R25
                 	.DEF R0X1A=R26
                 	.DEF R0X1B=R27
                 	.DEF R0X1C=R28
                 	.DEF R0X1D=R29
                 	.DEF R0X1E=R30
                 	.DEF R0X1F=R31
                 
                 	.EQU __SRAM_START=0x0100
                 	.EQU __SRAM_END=0x08FF
                 	.EQU __DSTACK_SIZE=0x0200
                 	.EQU __HEAP_SIZE=0x0000
                 	.EQU __CLEAR_SRAM_SIZE=__SRAM_END-__SRAM_START+1
                 
                 	.MACRO __CPD1N
                 	CPI  R30,LOW(@0)
                 	LDI  R26,HIGH(@0)
                 	CPC  R31,R26
                 	LDI  R26,BYTE3(@0)
                 	CPC  R22,R26
                 	LDI  R26,BYTE4(@0)
                 	CPC  R23,R26
                 	.ENDM
                 
                 	.MACRO __CPD2N
                 	CPI  R26,LOW(@0)
                 	LDI  R30,HIGH(@0)
                 	CPC  R27,R30
                 	LDI  R30,BYTE3(@0)
                 	CPC  R24,R30
                 	LDI  R30,BYTE4(@0)
                 	CPC  R25,R30
                 	.ENDM
                 
                 	.MACRO __CPWRR
                 	CP   R@0,R@2
                 	CPC  R@1,R@3
                 	.ENDM
                 
                 	.MACRO __CPWRN
                 	CPI  R@0,LOW(@2)
                 	LDI  R30,HIGH(@2)
                 	CPC  R@1,R30
                 	.ENDM
                 
                 	.MACRO __ADDB1MN
                 	SUBI R30,LOW(-@0-(@1))
                 	.ENDM
                 
                 	.MACRO __ADDB2MN
                 	SUBI R26,LOW(-@0-(@1))
                 	.ENDM
                 
                 	.MACRO __ADDW1MN
                 	SUBI R30,LOW(-@0-(@1))
                 	SBCI R31,HIGH(-@0-(@1))
                 	.ENDM
                 
                 	.MACRO __ADDW2MN
                 	SUBI R26,LOW(-@0-(@1))
                 	SBCI R27,HIGH(-@0-(@1))
                 	.ENDM
                 
                 	.MACRO __ADDW1FN
                 	SUBI R30,LOW(-2*@0-(@1))
                 	SBCI R31,HIGH(-2*@0-(@1))
                 	.ENDM
                 
                 	.MACRO __ADDD1FN
                 	SUBI R30,LOW(-2*@0-(@1))
                 	SBCI R31,HIGH(-2*@0-(@1))
                 	SBCI R22,BYTE3(-2*@0-(@1))
                 	.ENDM
                 
                 	.MACRO __ADDD1N
                 	SUBI R30,LOW(-@0)
                 	SBCI R31,HIGH(-@0)
                 	SBCI R22,BYTE3(-@0)
                 	SBCI R23,BYTE4(-@0)
                 	.ENDM
                 
                 	.MACRO __ADDD2N
                 	SUBI R26,LOW(-@0)
                 	SBCI R27,HIGH(-@0)
                 	SBCI R24,BYTE3(-@0)
                 	SBCI R25,BYTE4(-@0)
                 	.ENDM
                 
                 	.MACRO __SUBD1N
                 	SUBI R30,LOW(@0)
                 	SBCI R31,HIGH(@0)
                 	SBCI R22,BYTE3(@0)
                 	SBCI R23,BYTE4(@0)
                 	.ENDM
                 
                 	.MACRO __SUBD2N
                 	SUBI R26,LOW(@0)
                 	SBCI R27,HIGH(@0)
                 	SBCI R24,BYTE3(@0)
                 	SBCI R25,BYTE4(@0)
                 	.ENDM
                 
                 	.MACRO __ANDBMNN
                 	LDS  R30,@0+(@1)
                 	ANDI R30,LOW(@2)
                 	STS  @0+(@1),R30
                 	.ENDM
                 
                 	.MACRO __ANDWMNN
                 	LDS  R30,@0+(@1)
                 	ANDI R30,LOW(@2)
                 	STS  @0+(@1),R30
                 	LDS  R30,@0+(@1)+1
                 	ANDI R30,HIGH(@2)
                 	STS  @0+(@1)+1,R30
                 	.ENDM
                 
                 	.MACRO __ANDD1N
                 	ANDI R30,LOW(@0)
                 	ANDI R31,HIGH(@0)
                 	ANDI R22,BYTE3(@0)
                 	ANDI R23,BYTE4(@0)
                 	.ENDM
                 
                 	.MACRO __ANDD2N
                 	ANDI R26,LOW(@0)
                 	ANDI R27,HIGH(@0)
                 	ANDI R24,BYTE3(@0)
                 	ANDI R25,BYTE4(@0)
                 	.ENDM
                 
                 	.MACRO __ORBMNN
                 	LDS  R30,@0+(@1)
                 	ORI  R30,LOW(@2)
                 	STS  @0+(@1),R30
                 	.ENDM
                 
                 	.MACRO __ORWMNN
                 	LDS  R30,@0+(@1)
                 	ORI  R30,LOW(@2)
                 	STS  @0+(@1),R30
                 	LDS  R30,@0+(@1)+1
                 	ORI  R30,HIGH(@2)
                 	STS  @0+(@1)+1,R30
                 	.ENDM
                 
                 	.MACRO __ORD1N
                 	ORI  R30,LOW(@0)
                 	ORI  R31,HIGH(@0)
                 	ORI  R22,BYTE3(@0)
                 	ORI  R23,BYTE4(@0)
                 	.ENDM
                 
                 	.MACRO __ORD2N
                 	ORI  R26,LOW(@0)
                 	ORI  R27,HIGH(@0)
                 	ORI  R24,BYTE3(@0)
                 	ORI  R25,BYTE4(@0)
                 	.ENDM
                 
                 	.MACRO __DELAY_USB
                 	LDI  R24,LOW(@0)
                 __DELAY_USB_LOOP:
                 	DEC  R24
                 	BRNE __DELAY_USB_LOOP
                 	.ENDM
                 
                 	.MACRO __DELAY_USW
                 	LDI  R24,LOW(@0)
                 	LDI  R25,HIGH(@0)
                 __DELAY_USW_LOOP:
                 	SBIW R24,1
                 	BRNE __DELAY_USW_LOOP
                 	.ENDM
                 
                 	.MACRO __GETD1S
                 	LDD  R30,Y+@0
                 	LDD  R31,Y+@0+1
                 	LDD  R22,Y+@0+2
                 	LDD  R23,Y+@0+3
                 	.ENDM
                 
                 	.MACRO __GETD2S
                 	LDD  R26,Y+@0
                 	LDD  R27,Y+@0+1
                 	LDD  R24,Y+@0+2
                 	LDD  R25,Y+@0+3
                 	.ENDM
                 
                 	.MACRO __PUTD1S
                 	STD  Y+@0,R30
                 	STD  Y+@0+1,R31
                 	STD  Y+@0+2,R22
                 	STD  Y+@0+3,R23
                 	.ENDM
                 
                 	.MACRO __PUTD2S
                 	STD  Y+@0,R26
                 	STD  Y+@0+1,R27
                 	STD  Y+@0+2,R24
                 	STD  Y+@0+3,R25
                 	.ENDM
                 
                 	.MACRO __PUTDZ2
                 	STD  Z+@0,R26
                 	STD  Z+@0+1,R27
                 	STD  Z+@0+2,R24
                 	STD  Z+@0+3,R25
                 	.ENDM
                 
                 	.MACRO __CLRD1S
                 	STD  Y+@0,R30
                 	STD  Y+@0+1,R30
                 	STD  Y+@0+2,R30
                 	STD  Y+@0+3,R30
                 	.ENDM
                 
                 	.MACRO __POINTB1MN
                 	LDI  R30,LOW(@0+(@1))
                 	.ENDM
                 
                 	.MACRO __POINTW1MN
                 	LDI  R30,LOW(@0+(@1))
                 	LDI  R31,HIGH(@0+(@1))
                 	.ENDM
                 
                 	.MACRO __POINTD1M
                 	LDI  R30,LOW(@0)
                 	LDI  R31,HIGH(@0)
                 	LDI  R22,BYTE3(@0)
                 	LDI  R23,BYTE4(@0)
                 	.ENDM
                 
                 	.MACRO __POINTW1FN
                 	LDI  R30,LOW(2*@0+(@1))
                 	LDI  R31,HIGH(2*@0+(@1))
                 	.ENDM
                 
                 	.MACRO __POINTD1FN
                 	LDI  R30,LOW(2*@0+(@1))
                 	LDI  R31,HIGH(2*@0+(@1))
                 	LDI  R22,BYTE3(2*@0+(@1))
                 	LDI  R23,BYTE4(2*@0+(@1))
                 	.ENDM
                 
                 	.MACRO __POINTB2MN
                 	LDI  R26,LOW(@0+(@1))
                 	.ENDM
                 
                 	.MACRO __POINTW2MN
                 	LDI  R26,LOW(@0+(@1))
                 	LDI  R27,HIGH(@0+(@1))
                 	.ENDM
                 
                 	.MACRO __POINTW2FN
                 	LDI  R26,LOW(2*@0+(@1))
                 	LDI  R27,HIGH(2*@0+(@1))
                 	.ENDM
                 
                 	.MACRO __POINTD2FN
                 	LDI  R26,LOW(2*@0+(@1))
                 	LDI  R27,HIGH(2*@0+(@1))
                 	LDI  R24,BYTE3(2*@0+(@1))
                 	LDI  R25,BYTE4(2*@0+(@1))
                 	.ENDM
                 
                 	.MACRO __POINTBRM
                 	LDI  R@0,LOW(@1)
                 	.ENDM
                 
                 	.MACRO __POINTWRM
                 	LDI  R@0,LOW(@2)
                 	LDI  R@1,HIGH(@2)
                 	.ENDM
                 
                 	.MACRO __POINTBRMN
                 	LDI  R@0,LOW(@1+(@2))
                 	.ENDM
                 
                 	.MACRO __POINTWRMN
                 	LDI  R@0,LOW(@2+(@3))
                 	LDI  R@1,HIGH(@2+(@3))
                 	.ENDM
                 
                 	.MACRO __POINTWRFN
                 	LDI  R@0,LOW(@2*2+(@3))
                 	LDI  R@1,HIGH(@2*2+(@3))
                 	.ENDM
                 
                 	.MACRO __GETD1N
                 	LDI  R30,LOW(@0)
                 	LDI  R31,HIGH(@0)
                 	LDI  R22,BYTE3(@0)
                 	LDI  R23,BYTE4(@0)
                 	.ENDM
                 
                 	.MACRO __GETD2N
                 	LDI  R26,LOW(@0)
                 	LDI  R27,HIGH(@0)
                 	LDI  R24,BYTE3(@0)
                 	LDI  R25,BYTE4(@0)
                 	.ENDM
                 
                 	.MACRO __GETB1MN
                 	LDS  R30,@0+(@1)
                 	.ENDM
                 
                 	.MACRO __GETB1HMN
                 	LDS  R31,@0+(@1)
                 	.ENDM
                 
                 	.MACRO __GETW1MN
                 	LDS  R30,@0+(@1)
                 	LDS  R31,@0+(@1)+1
                 	.ENDM
                 
                 	.MACRO __GETD1MN
                 	LDS  R30,@0+(@1)
                 	LDS  R31,@0+(@1)+1
                 	LDS  R22,@0+(@1)+2
                 	LDS  R23,@0+(@1)+3
                 	.ENDM
                 
                 	.MACRO __GETBRMN
                 	LDS  R@0,@1+(@2)
                 	.ENDM
                 
                 	.MACRO __GETWRMN
                 	LDS  R@0,@2+(@3)
                 	LDS  R@1,@2+(@3)+1
                 	.ENDM
                 
                 	.MACRO __GETWRZ
                 	LDD  R@0,Z+@2
                 	LDD  R@1,Z+@2+1
                 	.ENDM
                 
                 	.MACRO __GETD2Z
                 	LDD  R26,Z+@0
                 	LDD  R27,Z+@0+1
                 	LDD  R24,Z+@0+2
                 	LDD  R25,Z+@0+3
                 	.ENDM
                 
                 	.MACRO __GETB2MN
                 	LDS  R26,@0+(@1)
                 	.ENDM
                 
                 	.MACRO __GETW2MN
                 	LDS  R26,@0+(@1)
                 	LDS  R27,@0+(@1)+1
                 	.ENDM
                 
                 	.MACRO __GETD2MN
                 	LDS  R26,@0+(@1)
                 	LDS  R27,@0+(@1)+1
                 	LDS  R24,@0+(@1)+2
                 	LDS  R25,@0+(@1)+3
                 	.ENDM
                 
                 	.MACRO __PUTB1MN
                 	STS  @0+(@1),R30
                 	.ENDM
                 
                 	.MACRO __PUTW1MN
                 	STS  @0+(@1),R30
                 	STS  @0+(@1)+1,R31
                 	.ENDM
                 
                 	.MACRO __PUTD1MN
                 	STS  @0+(@1),R30
                 	STS  @0+(@1)+1,R31
                 	STS  @0+(@1)+2,R22
                 	STS  @0+(@1)+3,R23
                 	.ENDM
                 
                 	.MACRO __PUTB1EN
                 	LDI  R26,LOW(@0+(@1))
                 	LDI  R27,HIGH(@0+(@1))
                 	CALL __EEPROMWRB
                 	.ENDM
                 
                 	.MACRO __PUTW1EN
                 	LDI  R26,LOW(@0+(@1))
                 	LDI  R27,HIGH(@0+(@1))
                 	CALL __EEPROMWRW
                 	.ENDM
                 
                 	.MACRO __PUTD1EN
                 	LDI  R26,LOW(@0+(@1))
                 	LDI  R27,HIGH(@0+(@1))
                 	CALL __EEPROMWRD
                 	.ENDM
                 
                 	.MACRO __PUTBR0MN
                 	STS  @0+(@1),R0
                 	.ENDM
                 
                 	.MACRO __PUTBMRN
                 	STS  @0+(@1),R@2
                 	.ENDM
                 
                 	.MACRO __PUTWMRN
                 	STS  @0+(@1),R@2
                 	STS  @0+(@1)+1,R@3
                 	.ENDM
                 
                 	.MACRO __PUTBZR
                 	STD  Z+@1,R@0
                 	.ENDM
                 
                 	.MACRO __PUTWZR
                 	STD  Z+@2,R@0
                 	STD  Z+@2+1,R@1
                 	.ENDM
                 
                 	.MACRO __GETW1R
                 	MOV  R30,R@0
                 	MOV  R31,R@1
                 	.ENDM
                 
                 	.MACRO __GETW2R
                 	MOV  R26,R@0
                 	MOV  R27,R@1
                 	.ENDM
                 
                 	.MACRO __GETWRN
                 	LDI  R@0,LOW(@2)
                 	LDI  R@1,HIGH(@2)
                 	.ENDM
                 
                 	.MACRO __PUTW1R
                 	MOV  R@0,R30
                 	MOV  R@1,R31
                 	.ENDM
                 
                 	.MACRO __PUTW2R
                 	MOV  R@0,R26
                 	MOV  R@1,R27
                 	.ENDM
                 
                 	.MACRO __ADDWRN
                 	SUBI R@0,LOW(-@2)
                 	SBCI R@1,HIGH(-@2)
                 	.ENDM
                 
                 	.MACRO __ADDWRR
                 	ADD  R@0,R@2
                 	ADC  R@1,R@3
                 	.ENDM
                 
                 	.MACRO __SUBWRN
                 	SUBI R@0,LOW(@2)
                 	SBCI R@1,HIGH(@2)
                 	.ENDM
                 
                 	.MACRO __SUBWRR
                 	SUB  R@0,R@2
                 	SBC  R@1,R@3
                 	.ENDM
                 
                 	.MACRO __ANDWRN
                 	ANDI R@0,LOW(@2)
                 	ANDI R@1,HIGH(@2)
                 	.ENDM
                 
                 	.MACRO __ANDWRR
                 	AND  R@0,R@2
                 	AND  R@1,R@3
                 	.ENDM
                 
                 	.MACRO __ORWRN
                 	ORI  R@0,LOW(@2)
                 	ORI  R@1,HIGH(@2)
                 	.ENDM
                 
                 	.MACRO __ORWRR
                 	OR   R@0,R@2
                 	OR   R@1,R@3
                 	.ENDM
                 
                 	.MACRO __EORWRR
                 	EOR  R@0,R@2
                 	EOR  R@1,R@3
                 	.ENDM
                 
                 	.MACRO __GETWRS
                 	LDD  R@0,Y+@2
                 	LDD  R@1,Y+@2+1
                 	.ENDM
                 
                 	.MACRO __PUTBSR
                 	STD  Y+@1,R@0
                 	.ENDM
                 
                 	.MACRO __PUTWSR
                 	STD  Y+@2,R@0
                 	STD  Y+@2+1,R@1
                 	.ENDM
                 
                 	.MACRO __MOVEWRR
                 	MOV  R@0,R@2
                 	MOV  R@1,R@3
                 	.ENDM
                 
                 	.MACRO __INWR
                 	IN   R@0,@2
                 	IN   R@1,@2+1
                 	.ENDM
                 
                 	.MACRO __OUTWR
                 	OUT  @2+1,R@1
                 	OUT  @2,R@0
                 	.ENDM
                 
                 	.MACRO __CALL1MN
                 	LDS  R30,@0+(@1)
                 	LDS  R31,@0+(@1)+1
                 	ICALL
                 	.ENDM
                 
                 	.MACRO __CALL1FN
                 	LDI  R30,LOW(2*@0+(@1))
                 	LDI  R31,HIGH(2*@0+(@1))
                 	CALL __GETW1PF
                 	ICALL
                 	.ENDM
                 
                 	.MACRO __CALL2EN
                 	LDI  R26,LOW(@0+(@1))
                 	LDI  R27,HIGH(@0+(@1))
                 	CALL __EEPROMRDW
                 	ICALL
                 	.ENDM
                 
                 	.MACRO __GETW1STACK
                 	IN   R26,SPL
                 	IN   R27,SPH
                 	ADIW R26,@0+1
                 	LD   R30,X+
                 	LD   R31,X
                 	.ENDM
                 
                 	.MACRO __GETD1STACK
                 	IN   R26,SPL
                 	IN   R27,SPH
                 	ADIW R26,@0+1
                 	LD   R30,X+
                 	LD   R31,X+
                 	LD   R22,X
                 	.ENDM
                 
                 	.MACRO __NBST
                 	BST  R@0,@1
                 	IN   R30,SREG
                 	LDI  R31,0x40
                 	EOR  R30,R31
                 	OUT  SREG,R30
                 	.ENDM
                 
                 
                 	.MACRO __PUTB1SN
                 	LDD  R26,Y+@0
                 	LDD  R27,Y+@0+1
                 	SUBI R26,LOW(-@1)
                 	SBCI R27,HIGH(-@1)
                 	ST   X,R30
                 	.ENDM
                 
                 	.MACRO __PUTW1SN
                 	LDD  R26,Y+@0
                 	LDD  R27,Y+@0+1
                 	SUBI R26,LOW(-@1)
                 	SBCI R27,HIGH(-@1)
                 	ST   X+,R30
                 	ST   X,R31
                 	.ENDM
                 
                 	.MACRO __PUTD1SN
                 	LDD  R26,Y+@0
                 	LDD  R27,Y+@0+1
                 	SUBI R26,LOW(-@1)
                 	SBCI R27,HIGH(-@1)
                 	CALL __PUTDP1
                 	.ENDM
                 
                 	.MACRO __PUTB1SNS
                 	LDD  R26,Y+@0
                 	LDD  R27,Y+@0+1
                 	ADIW R26,@1
                 	ST   X,R30
                 	.ENDM
                 
                 	.MACRO __PUTW1SNS
                 	LDD  R26,Y+@0
                 	LDD  R27,Y+@0+1
                 	ADIW R26,@1
                 	ST   X+,R30
                 	ST   X,R31
                 	.ENDM
                 
                 	.MACRO __PUTD1SNS
                 	LDD  R26,Y+@0
                 	LDD  R27,Y+@0+1
                 	ADIW R26,@1
                 	CALL __PUTDP1
                 	.ENDM
                 
                 	.MACRO __PUTB1PMN
                 	LDS  R26,@0
                 	LDS  R27,@0+1
                 	SUBI R26,LOW(-@1)
                 	SBCI R27,HIGH(-@1)
                 	ST   X,R30
                 	.ENDM
                 
                 	.MACRO __PUTW1PMN
                 	LDS  R26,@0
                 	LDS  R27,@0+1
                 	SUBI R26,LOW(-@1)
                 	SBCI R27,HIGH(-@1)
                 	ST   X+,R30
                 	ST   X,R31
                 	.ENDM
                 
                 	.MACRO __PUTD1PMN
                 	LDS  R26,@0
                 	LDS  R27,@0+1
                 	SUBI R26,LOW(-@1)
                 	SBCI R27,HIGH(-@1)
                 	CALL __PUTDP1
                 	.ENDM
                 
                 	.MACRO __PUTB1PMNS
                 	LDS  R26,@0
                 	LDS  R27,@0+1
                 	ADIW R26,@1
                 	ST   X,R30
                 	.ENDM
                 
                 	.MACRO __PUTW1PMNS
                 	LDS  R26,@0
                 	LDS  R27,@0+1
                 	ADIW R26,@1
                 	ST   X+,R30
                 	ST   X,R31
                 	.ENDM
                 
                 	.MACRO __PUTD1PMNS
                 	LDS  R26,@0
                 	LDS  R27,@0+1
                 	ADIW R26,@1
                 	CALL __PUTDP1
                 	.ENDM
                 
                 	.MACRO __PUTB1RN
                 	MOVW R26,R@0
                 	SUBI R26,LOW(-@1)
                 	SBCI R27,HIGH(-@1)
                 	ST   X,R30
                 	.ENDM
                 
                 	.MACRO __PUTW1RN
                 	MOVW R26,R@0
                 	SUBI R26,LOW(-@1)
                 	SBCI R27,HIGH(-@1)
                 	ST   X+,R30
                 	ST   X,R31
                 	.ENDM
                 
                 	.MACRO __PUTD1RN
                 	MOVW R26,R@0
                 	SUBI R26,LOW(-@1)
                 	SBCI R27,HIGH(-@1)
                 	CALL __PUTDP1
                 	.ENDM
                 
                 	.MACRO __PUTB1RNS
                 	MOVW R26,R@0
                 	ADIW R26,@1
                 	ST   X,R30
                 	.ENDM
                 
                 	.MACRO __PUTW1RNS
                 	MOVW R26,R@0
                 	ADIW R26,@1
                 	ST   X+,R30
                 	ST   X,R31
                 	.ENDM
                 
                 	.MACRO __PUTD1RNS
                 	MOVW R26,R@0
                 	ADIW R26,@1
                 	CALL __PUTDP1
                 	.ENDM
                 
                 	.MACRO __PUTB1RON
                 	MOV  R26,R@0
                 	MOV  R27,R@1
                 	SUBI R26,LOW(-@2)
                 	SBCI R27,HIGH(-@2)
                 	ST   X,R30
                 	.ENDM
                 
                 	.MACRO __PUTW1RON
                 	MOV  R26,R@0
                 	MOV  R27,R@1
                 	SUBI R26,LOW(-@2)
                 	SBCI R27,HIGH(-@2)
                 	ST   X+,R30
                 	ST   X,R31
                 	.ENDM
                 
                 	.MACRO __PUTD1RON
                 	MOV  R26,R@0
                 	MOV  R27,R@1
                 	SUBI R26,LOW(-@2)
                 	SBCI R27,HIGH(-@2)
                 	CALL __PUTDP1
                 	.ENDM
                 
                 	.MACRO __PUTB1RONS
                 	MOV  R26,R@0
                 	MOV  R27,R@1
                 	ADIW R26,@2
                 	ST   X,R30
                 	.ENDM
                 
                 	.MACRO __PUTW1RONS
                 	MOV  R26,R@0
                 	MOV  R27,R@1
                 	ADIW R26,@2
                 	ST   X+,R30
                 	ST   X,R31
                 	.ENDM
                 
                 	.MACRO __PUTD1RONS
                 	MOV  R26,R@0
                 	MOV  R27,R@1
                 	ADIW R26,@2
                 	CALL __PUTDP1
                 	.ENDM
                 
                 
                 	.MACRO __GETB1SX
                 	MOVW R30,R28
                 	SUBI R30,LOW(-@0)
                 	SBCI R31,HIGH(-@0)
                 	LD   R30,Z
                 	.ENDM
                 
                 	.MACRO __GETB1HSX
                 	MOVW R30,R28
                 	SUBI R30,LOW(-@0)
                 	SBCI R31,HIGH(-@0)
                 	LD   R31,Z
                 	.ENDM
                 
                 	.MACRO __GETW1SX
                 	MOVW R30,R28
                 	SUBI R30,LOW(-@0)
                 	SBCI R31,HIGH(-@0)
                 	LD   R0,Z+
                 	LD   R31,Z
                 	MOV  R30,R0
                 	.ENDM
                 
                 	.MACRO __GETD1SX
                 	MOVW R30,R28
                 	SUBI R30,LOW(-@0)
                 	SBCI R31,HIGH(-@0)
                 	LD   R0,Z+
                 	LD   R1,Z+
                 	LD   R22,Z+
                 	LD   R23,Z
                 	MOVW R30,R0
                 	.ENDM
                 
                 	.MACRO __GETB2SX
                 	MOVW R26,R28
                 	SUBI R26,LOW(-@0)
                 	SBCI R27,HIGH(-@0)
                 	LD   R26,X
                 	.ENDM
                 
                 	.MACRO __GETW2SX
                 	MOVW R26,R28
                 	SUBI R26,LOW(-@0)
                 	SBCI R27,HIGH(-@0)
                 	LD   R0,X+
                 	LD   R27,X
                 	MOV  R26,R0
                 	.ENDM
                 
                 	.MACRO __GETD2SX
                 	MOVW R26,R28
                 	SUBI R26,LOW(-@0)
                 	SBCI R27,HIGH(-@0)
                 	LD   R0,X+
                 	LD   R1,X+
                 	LD   R24,X+
                 	LD   R25,X
                 	MOVW R26,R0
                 	.ENDM
                 
                 	.MACRO __GETBRSX
                 	MOVW R30,R28
                 	SUBI R30,LOW(-@1)
                 	SBCI R31,HIGH(-@1)
                 	LD   R@0,Z
                 	.ENDM
                 
                 	.MACRO __GETWRSX
                 	MOVW R30,R28
                 	SUBI R30,LOW(-@2)
                 	SBCI R31,HIGH(-@2)
                 	LD   R@0,Z+
                 	LD   R@1,Z
                 	.ENDM
                 
                 	.MACRO __GETBRSX2
                 	MOVW R26,R28
                 	SUBI R26,LOW(-@1)
                 	SBCI R27,HIGH(-@1)
                 	LD   R@0,X
                 	.ENDM
                 
                 	.MACRO __GETWRSX2
                 	MOVW R26,R28
                 	SUBI R26,LOW(-@2)
                 	SBCI R27,HIGH(-@2)
                 	LD   R@0,X+
                 	LD   R@1,X
                 	.ENDM
                 
                 	.MACRO __LSLW8SX
                 	MOVW R30,R28
                 	SUBI R30,LOW(-@0)
                 	SBCI R31,HIGH(-@0)
                 	LD   R31,Z
                 	CLR  R30
                 	.ENDM
                 
                 	.MACRO __PUTB1SX
                 	MOVW R26,R28
                 	SUBI R26,LOW(-@0)
                 	SBCI R27,HIGH(-@0)
                 	ST   X,R30
                 	.ENDM
                 
                 	.MACRO __PUTW1SX
                 	MOVW R26,R28
                 	SUBI R26,LOW(-@0)
                 	SBCI R27,HIGH(-@0)
                 	ST   X+,R30
                 	ST   X,R31
                 	.ENDM
                 
                 	.MACRO __PUTD1SX
                 	MOVW R26,R28
                 	SUBI R26,LOW(-@0)
                 	SBCI R27,HIGH(-@0)
                 	ST   X+,R30
                 	ST   X+,R31
                 	ST   X+,R22
                 	ST   X,R23
                 	.ENDM
                 
                 	.MACRO __CLRW1SX
                 	MOVW R26,R28
                 	SUBI R26,LOW(-@0)
                 	SBCI R27,HIGH(-@0)
                 	ST   X+,R30
                 	ST   X,R30
                 	.ENDM
                 
                 	.MACRO __CLRD1SX
                 	MOVW R26,R28
                 	SUBI R26,LOW(-@0)
                 	SBCI R27,HIGH(-@0)
                 	ST   X+,R30
                 	ST   X+,R30
                 	ST   X+,R30
                 	ST   X,R30
                 	.ENDM
                 
                 	.MACRO __PUTB2SX
                 	MOVW R30,R28
                 	SUBI R30,LOW(-@0)
                 	SBCI R31,HIGH(-@0)
                 	ST   Z,R26
                 	.ENDM
                 
                 	.MACRO __PUTW2SX
                 	MOVW R30,R28
                 	SUBI R30,LOW(-@0)
                 	SBCI R31,HIGH(-@0)
                 	ST   Z+,R26
                 	ST   Z,R27
                 	.ENDM
                 
                 	.MACRO __PUTD2SX
                 	MOVW R30,R28
                 	SUBI R30,LOW(-@0)
                 	SBCI R31,HIGH(-@0)
                 	ST   Z+,R26
                 	ST   Z+,R27
                 	ST   Z+,R24
                 	ST   Z,R25
                 	.ENDM
                 
                 	.MACRO __PUTBSRX
                 	MOVW R30,R28
                 	SUBI R30,LOW(-@1)
                 	SBCI R31,HIGH(-@1)
                 	ST   Z,R@0
                 	.ENDM
                 
                 	.MACRO __PUTWSRX
                 	MOVW R30,R28
                 	SUBI R30,LOW(-@2)
                 	SBCI R31,HIGH(-@2)
                 	ST   Z+,R@0
                 	ST   Z,R@1
                 	.ENDM
                 
                 	.MACRO __PUTB1SNX
                 	MOVW R26,R28
                 	SUBI R26,LOW(-@0)
                 	SBCI R27,HIGH(-@0)
                 	LD   R0,X+
                 	LD   R27,X
                 	MOV  R26,R0
                 	SUBI R26,LOW(-@1)
                 	SBCI R27,HIGH(-@1)
                 	ST   X,R30
                 	.ENDM
                 
                 	.MACRO __PUTW1SNX
                 	MOVW R26,R28
                 	SUBI R26,LOW(-@0)
                 	SBCI R27,HIGH(-@0)
                 	LD   R0,X+
                 	LD   R27,X
                 	MOV  R26,R0
                 	SUBI R26,LOW(-@1)
                 	SBCI R27,HIGH(-@1)
                 	ST   X+,R30
                 	ST   X,R31
                 	.ENDM
                 
                 	.MACRO __PUTD1SNX
                 	MOVW R26,R28
                 	SUBI R26,LOW(-@0)
                 	SBCI R27,HIGH(-@0)
                 	LD   R0,X+
                 	LD   R27,X
                 	MOV  R26,R0
                 	SUBI R26,LOW(-@1)
                 	SBCI R27,HIGH(-@1)
                 	ST   X+,R30
                 	ST   X+,R31
                 	ST   X+,R22
                 	ST   X,R23
                 	.ENDM
                 
                 	.MACRO __MULBRR
                 	MULS R@0,R@1
                 	MOVW R30,R0
                 	.ENDM
                 
                 	.MACRO __MULBRRU
                 	MUL  R@0,R@1
                 	MOVW R30,R0
                 	.ENDM
                 
                 	.MACRO __MULBRR0
                 	MULS R@0,R@1
                 	.ENDM
                 
                 	.MACRO __MULBRRU0
                 	MUL  R@0,R@1
                 	.ENDM
                 
                 	.MACRO __MULBNWRU
                 	LDI  R26,@2
                 	MUL  R26,R@0
                 	MOVW R30,R0
                 	MUL  R26,R@1
                 	ADD  R31,R0
                 	.ENDM
                 
                 ;NAME DEFINITIONS FOR GLOBAL VARIABLES ALLOCATED TO REGISTERS
                 	.DEF _rx_wr_index0=R4
                 	.DEF _rx_rd_index0=R3
                 	.DEF _rx_counter0=R6
                 	.DEF _tx_wr_index0=R5
                 	.DEF _tx_rd_index0=R8
                 	.DEF _tx_counter0=R7
                 
                 ;GPIOR0 INITIALIZATION VALUE
                 	.EQU __GPIOR0_INIT=0x00
                 
                 	.CSEG
                 	.ORG 0x00
                 
                 ;START OF CODE MARKER
                 __START_OF_CODE:
                 
                 ;INTERRUPT VECTORS
000000 940c 003d 	JMP  __RESET
000002 940c 0000 	JMP  0x00
000004 940c 0000 	JMP  0x00
000006 940c 0000 	JMP  0x00
000008 940c 0000 	JMP  0x00
00000a 940c 0000 	JMP  0x00
00000c 940c 0000 	JMP  0x00
00000e 940c 0000 	JMP  0x00
000010 940c 0000 	JMP  0x00
000012 940c 0000 	JMP  0x00
000014 940c 0000 	JMP  0x00
000016 940c 0000 	JMP  0x00
000018 940c 0000 	JMP  0x00
00001a 940c 0000 	JMP  0x00
00001c 940c 0000 	JMP  0x00
00001e 940c 0000 	JMP  0x00
000020 940c 0000 	JMP  0x00
000022 940c 0000 	JMP  0x00
000024 940c 0063 	JMP  _usart_rx_isr
000026 940c 0000 	JMP  0x00
000028 940c 0083 	JMP  _usart_tx_isr
00002a 940c 009c 	JMP  _adc_isr
00002c 940c 0000 	JMP  0x00
00002e 940c 009b 	JMP  _ana_comp_isr
000030 940c 0000 	JMP  0x00
000032 940c 0000 	JMP  0x00
                 
                 _tbl10_G100:
000034 2710
000035 03e8
000036 0064
000037 000a      	.DB  0x10,0x27,0xE8,0x3,0x64,0x0,0xA,0x0
000038 0001      	.DB  0x1,0x0
                 _tbl16_G100:
000039 1000
00003a 0100
00003b 0010
00003c 0001      	.DB  0x0,0x10,0x0,0x1,0x10,0x0,0x1,0x0
                 
                 __RESET:
00003d 94f8      	CLI
00003e 27ee      	CLR  R30
00003f bbef      	OUT  EECR,R30
                 
                 ;INTERRUPT VECTORS ARE PLACED
                 ;AT THE START OF FLASH
000040 e0f1      	LDI  R31,1
000041 bff5      	OUT  MCUCR,R31
000042 bfe5      	OUT  MCUCR,R30
                 
                 ;DISABLE WATCHDOG
000043 e1f8      	LDI  R31,0x18
000044 95a8      	WDR
000045 b7a4      	IN   R26,MCUSR
000046 7fa7      	CBR  R26,8
000047 bfa4      	OUT  MCUSR,R26
000048 93f0 0060 	STS  WDTCSR,R31
00004a 93e0 0060 	STS  WDTCSR,R30
                 
                 ;CLEAR R2-R14
00004c e08d      	LDI  R24,(14-2)+1
00004d e0a2      	LDI  R26,2
00004e 27bb      	CLR  R27
                 __CLEAR_REG:
00004f 93ed      	ST   X+,R30
000050 958a      	DEC  R24
000051 f7e9      	BRNE __CLEAR_REG
                 
                 ;CLEAR SRAM
000052 e080      	LDI  R24,LOW(__CLEAR_SRAM_SIZE)
000053 e098      	LDI  R25,HIGH(__CLEAR_SRAM_SIZE)
000054 e0a0      	LDI  R26,LOW(__SRAM_START)
000055 e0b1      	LDI  R27,HIGH(__SRAM_START)
                 __CLEAR_SRAM:
000056 93ed      	ST   X+,R30
000057 9701      	SBIW R24,1
000058 f7e9      	BRNE __CLEAR_SRAM
                 
                 ;GPIOR0 INITIALIZATION
000059 e0e0      	LDI  R30,__GPIOR0_INIT
00005a bbee      	OUT  GPIOR0,R30
                 
                 ;HARDWARE STACK POINTER INITIALIZATION
00005b efef      	LDI  R30,LOW(__SRAM_END-__HEAP_SIZE)
00005c bfed      	OUT  SPL,R30
00005d e0e8      	LDI  R30,HIGH(__SRAM_END-__HEAP_SIZE)
00005e bfee      	OUT  SPH,R30
                 
                 ;DATA STACK POINTER INITIALIZATION
00005f e0c0      	LDI  R28,LOW(__SRAM_START+__DSTACK_SIZE)
000060 e0d3      	LDI  R29,HIGH(__SRAM_START+__DSTACK_SIZE)
                 
000061 940c 00c8 	JMP  _main
                 
                 	.ESEG
                 	.ORG 0
                 
                 	.DSEG
                 	.ORG 0x300
                 
                 	.CSEG
                 ;/*****************************************************
                 ;This program was produced by the
                 ;CodeWizardAVR V2.05.3 Standard
                 ;Automatic Program Generator
                 ;© Copyright 1998-2011 Pavel Haiduc, HP InfoTech s.r.l.
                 ;http://www.hpinfotech.com
                 ;
                 ;Project :
                 ;Version :
                 ;Date    : 3.5.2016
                 ;Author  : PerTic@n
                 ;Company : If You Like This Software,Buy It
                 ;Comments:
                 ;
                 ;
                 ;Chip type               : ATmega328P
                 ;Program type            : Application
                 ;AVR Core Clock frequency: 20,000000 MHz
                 ;Memory model            : Small
                 ;External RAM size       : 0
                 ;Data Stack size         : 512
                 ;*****************************************************/
                 ;
                 ;#include <mega328p.h>
                 	#ifndef __SLEEP_DEFINED__
                 	#define __SLEEP_DEFINED__
                 	.EQU __se_bit=0x01
                 	.EQU __sm_mask=0x0E
                 	.EQU __sm_adc_noise_red=0x02
                 	.EQU __sm_powerdown=0x04
                 	.EQU __sm_powersave=0x06
                 	.EQU __sm_standby=0x0C
                 	.EQU __sm_ext_standby=0x0E
                 	.SET power_ctrl_reg=smcr
                 	#endif
                 ;
                 ;#include <delay.h>
                 ;
                 ;#ifndef RXB8
                 ;#define RXB8 1
                 ;#endif
                 ;
                 ;#ifndef TXB8
                 ;#define TXB8 0
                 ;#endif
                 ;
                 ;#ifndef UPE
                 ;#define UPE 2
                 ;#endif
                 ;
                 ;#ifndef DOR
                 ;#define DOR 3
                 ;#endif
                 ;
                 ;#ifndef FE
                 ;#define FE 4
                 ;#endif
                 ;
                 ;#ifndef UDRE
                 ;#define UDRE 5
                 ;#endif
                 ;
                 ;#ifndef RXC
                 ;#define RXC 7
                 ;#endif
                 ;
                 ;#define FRAMING_ERROR (1<<FE)
                 ;#define PARITY_ERROR (1<<UPE)
                 ;#define DATA_OVERRUN (1<<DOR)
                 ;#define DATA_REGISTER_EMPTY (1<<UDRE)
                 ;#define RX_COMPLETE (1<<RXC)
                 ;
                 ;// USART Receiver buffer
                 ;#define RX_BUFFER_SIZE0 8
                 ;char rx_buffer0[RX_BUFFER_SIZE0];
                 ;
                 ;#if RX_BUFFER_SIZE0 <= 256
                 ;unsigned char rx_wr_index0,rx_rd_index0,rx_counter0;
                 ;#else
                 ;unsigned int rx_wr_index0,rx_rd_index0,rx_counter0;
                 ;#endif
                 ;
                 ;// This flag is set on USART Receiver buffer overflow
                 ;bit rx_buffer_overflow0;
                 ;
                 ;// USART Receiver interrupt service routine
                 ;interrupt [USART_RXC] void usart_rx_isr(void)
                 ; 0000 004D {
                 
                 	.CSEG
                 _usart_rx_isr:
000063 93ea      	ST   -Y,R30
000064 93fa      	ST   -Y,R31
000065 b7ef      	IN   R30,SREG
000066 93ea      	ST   -Y,R30
                 ; 0000 004E char status,data;
                 ; 0000 004F status=UCSR0A;
000067 931a      	ST   -Y,R17
000068 930a      	ST   -Y,R16
                 ;	status -> R17
                 ;	data -> R16
000069 9110 00c0 	LDS  R17,192
                 ; 0000 0050 data=UDR0;
00006b 9100 00c6 	LDS  R16,198
                 ; 0000 0051 if ((status & (FRAMING_ERROR | PARITY_ERROR | DATA_OVERRUN))==0)
00006d 2fe1      	MOV  R30,R17
00006e 71ec      	ANDI R30,LOW(0x1C)
00006f f481      	BRNE _0x3
                 ; 0000 0052    {
                 ; 0000 0053    rx_buffer0[rx_wr_index0++]=data;
000070 2de4      	MOV  R30,R4
000071 9443      	INC  R4
000072 e0f0      	LDI  R31,0
000073 50e0      	SUBI R30,LOW(-_rx_buffer0)
000074 4ffd      	SBCI R31,HIGH(-_rx_buffer0)
000075 8300      	ST   Z,R16
                 ; 0000 0054 #if RX_BUFFER_SIZE0 == 256
                 ; 0000 0055    // special case for receiver buffer size=256
                 ; 0000 0056    if (++rx_counter0 == 0) rx_buffer_overflow0=1;
                 ; 0000 0057 #else
                 ; 0000 0058    if (rx_wr_index0 == RX_BUFFER_SIZE0) rx_wr_index0=0;
000076 e0e8      	LDI  R30,LOW(8)
000077 15e4      	CP   R30,R4
000078 f409      	BRNE _0x4
000079 2444      	CLR  R4
                 ; 0000 0059    if (++rx_counter0 == RX_BUFFER_SIZE0)
                 _0x4:
00007a 9463      	INC  R6
00007b e0e8      	LDI  R30,LOW(8)
00007c 15e6      	CP   R30,R6
00007d f411      	BRNE _0x5
                 ; 0000 005A       {
                 ; 0000 005B       rx_counter0=0;
00007e 2466      	CLR  R6
                 ; 0000 005C       rx_buffer_overflow0=1;
00007f 9af0      	SBI  0x1E,0
                 ; 0000 005D       }
                 ; 0000 005E #endif
                 ; 0000 005F    }
                 _0x5:
                 ; 0000 0060 }
                 _0x3:
000080 9109      	LD   R16,Y+
000081 9119      	LD   R17,Y+
000082 c013      	RJMP _0x1B
                 ;
                 ;#ifndef _DEBUG_TERMINAL_IO_
                 ;// Get a character from the USART Receiver buffer
                 ;#define _ALTERNATE_GETCHAR_
                 ;#pragma used+
                 ;char getchar(void)
                 ; 0000 0067 {
                 ; 0000 0068 char data;
                 ; 0000 0069 while (rx_counter0==0);
                 ;	data -> R17
                 ; 0000 006A data=rx_buffer0[rx_rd_index0++];
                 ; 0000 006B #if RX_BUFFER_SIZE0 != 256
                 ; 0000 006C if (rx_rd_index0 == RX_BUFFER_SIZE0) rx_rd_index0=0;
                 ; 0000 006D #endif
                 ; 0000 006E #asm("cli")
                 ; 0000 006F --rx_counter0;
                 ; 0000 0070 #asm("sei")
                 ; 0000 0071 return data;
                 ; 0000 0072 }
                 ;#pragma used-
                 ;#endif
                 ;
                 ;// USART Transmitter buffer
                 ;#define TX_BUFFER_SIZE0 8
                 ;char tx_buffer0[TX_BUFFER_SIZE0];
                 ;
                 ;#if TX_BUFFER_SIZE0 <= 256
                 ;unsigned char tx_wr_index0,tx_rd_index0,tx_counter0;
                 ;#else
                 ;unsigned int tx_wr_index0,tx_rd_index0,tx_counter0;
                 ;#endif
                 ;
                 ;// USART Transmitter interrupt service routine
                 ;interrupt [USART_TXC] void usart_tx_isr(void)
                 ; 0000 0082 {
                 _usart_tx_isr:
000083 93ea      	ST   -Y,R30
000084 93fa      	ST   -Y,R31
000085 b7ef      	IN   R30,SREG
000086 93ea      	ST   -Y,R30
                 ; 0000 0083 if (tx_counter0)
000087 2077      	TST  R7
000088 f069      	BREQ _0xC
                 ; 0000 0084    {
                 ; 0000 0085    --tx_counter0;
000089 947a      	DEC  R7
                 ; 0000 0086    UDR0=tx_buffer0[tx_rd_index0++];
00008a 2de8      	MOV  R30,R8
00008b 9483      	INC  R8
00008c e0f0      	LDI  R31,0
00008d 5fe8      	SUBI R30,LOW(-_tx_buffer0)
00008e 4ffc      	SBCI R31,HIGH(-_tx_buffer0)
00008f 81e0      	LD   R30,Z
000090 93e0 00c6 	STS  198,R30
                 ; 0000 0087 #if TX_BUFFER_SIZE0 != 256
                 ; 0000 0088    if (tx_rd_index0 == TX_BUFFER_SIZE0) tx_rd_index0=0;
000092 e0e8      	LDI  R30,LOW(8)
000093 15e8      	CP   R30,R8
000094 f409      	BRNE _0xD
000095 2488      	CLR  R8
                 ; 0000 0089 #endif
                 ; 0000 008A    }
                 _0xD:
                 ; 0000 008B }
                 _0xC:
                 _0x1B:
000096 91e9      	LD   R30,Y+
000097 bfef      	OUT  SREG,R30
000098 91f9      	LD   R31,Y+
000099 91e9      	LD   R30,Y+
00009a 9518      	RETI
                 ;
                 ;#ifndef _DEBUG_TERMINAL_IO_
                 ;// Write a character to the USART Transmitter buffer
                 ;#define _ALTERNATE_PUTCHAR_
                 ;#pragma used+
                 ;void putchar(char c)
                 ; 0000 0092 {
                 ; 0000 0093 while (tx_counter0 == TX_BUFFER_SIZE0);
                 ;	c -> Y+0
                 ; 0000 0094 #asm("cli")
                 ; 0000 0095 if (tx_counter0 || ((UCSR0A & DATA_REGISTER_EMPTY)==0))
                 ; 0000 0096    {
                 ; 0000 0097    tx_buffer0[tx_wr_index0++]=c;
                 ; 0000 0098 #if TX_BUFFER_SIZE0 != 256
                 ; 0000 0099    if (tx_wr_index0 == TX_BUFFER_SIZE0) tx_wr_index0=0;
                 ; 0000 009A #endif
                 ; 0000 009B    ++tx_counter0;
                 ; 0000 009C    }
                 ; 0000 009D else
                 ; 0000 009E    UDR0=c;
                 ; 0000 009F #asm("sei")
                 ; 0000 00A0 }
                 ;#pragma used-
                 ;#endif
                 ;
                 ;// Standard Input/Output functions
                 ;#include <stdio.h>
                 ;
                 ;// Analog Comparator interrupt service routine
                 ;interrupt [ANA_COMP] void ana_comp_isr(void)
                 ; 0000 00A9 {
                 _ana_comp_isr:
                 ; 0000 00AA // Place your code here
                 ; 0000 00AB 
                 ; 0000 00AC }
00009b 9518      	RETI
                 ;
                 ;#define FIRST_ADC_INPUT 0
                 ;#define LAST_ADC_INPUT 0
                 ;unsigned char adc_data[LAST_ADC_INPUT-FIRST_ADC_INPUT+1];
                 ;#define ADC_VREF_TYPE 0x20
                 ;
                 ;// ADC interrupt service routine
                 ;// with auto input scanning
                 ;interrupt [ADC_INT] void adc_isr(void)
                 ; 0000 00B6 {
                 _adc_isr:
00009c 938a      	ST   -Y,R24
00009d 93aa      	ST   -Y,R26
00009e 93ba      	ST   -Y,R27
00009f 93ea      	ST   -Y,R30
0000a0 b7ef      	IN   R30,SREG
0000a1 93ea      	ST   -Y,R30
                 ; 0000 00B7 static unsigned char input_index=0;
                 ; 0000 00B8 // Read the 8 most significant bits
                 ; 0000 00B9 // of the AD conversion result
                 ; 0000 00BA adc_data[input_index]=ADCH;
0000a2 91a0 0311 	LDS  R26,_input_index_S0000005000
0000a4 e0b0      	LDI  R27,0
0000a5 5fa0      	SUBI R26,LOW(-_adc_data)
0000a6 4fbc      	SBCI R27,HIGH(-_adc_data)
0000a7 91e0 0079 	LDS  R30,121
0000a9 93ec      	ST   X,R30
                 ; 0000 00BB // Select next ADC input
                 ; 0000 00BC if (++input_index > (LAST_ADC_INPUT-FIRST_ADC_INPUT))
0000aa 91a0 0311 	LDS  R26,_input_index_S0000005000
0000ac 5faf      	SUBI R26,-LOW(1)
0000ad 93a0 0311 	STS  _input_index_S0000005000,R26
0000af 30a1      	CPI  R26,LOW(0x1)
0000b0 f018      	BRLO _0x16
                 ; 0000 00BD    input_index=0;
0000b1 e0e0      	LDI  R30,LOW(0)
0000b2 93e0 0311 	STS  _input_index_S0000005000,R30
                 ; 0000 00BE ADMUX=(FIRST_ADC_INPUT | (ADC_VREF_TYPE & 0xff))+input_index;
                 _0x16:
0000b4 91e0 0311 	LDS  R30,_input_index_S0000005000
0000b6 5ee0      	SUBI R30,-LOW(32)
0000b7 93e0 007c 	STS  124,R30
                 ; 0000 00BF // Delay needed for the stabilization of the ADC input voltage
                 ; 0000 00C0 delay_us(10);
                +
0000b9 e483     +LDI R24 , LOW ( 67 )
                +__DELAY_USB_LOOP :
0000ba 958a     +DEC R24
0000bb f7f1     +BRNE __DELAY_USB_LOOP
                 	__DELAY_USB 67
                 ; 0000 00C1 // Start the AD conversion
                 ; 0000 00C2 ADCSRA|=0x40;
0000bc 91e0 007a 	LDS  R30,122
0000be 64e0      	ORI  R30,0x40
0000bf 93e0 007a 	STS  122,R30
                 ; 0000 00C3 }
0000c1 91e9      	LD   R30,Y+
0000c2 bfef      	OUT  SREG,R30
0000c3 91e9      	LD   R30,Y+
0000c4 91b9      	LD   R27,Y+
0000c5 91a9      	LD   R26,Y+
0000c6 9189      	LD   R24,Y+
0000c7 9518      	RETI
                 ;
                 ;// Declare your global variables here
                 ;
                 ;void main(void)
                 ; 0000 00C8 {
                 _main:
                 ; 0000 00C9 // Declare your local variables here
                 ; 0000 00CA 
                 ; 0000 00CB // Crystal Oscillator division factor: 1
                 ; 0000 00CC #pragma optsize-
                 ; 0000 00CD CLKPR=0x80;
0000c8 e8e0      	LDI  R30,LOW(128)
0000c9 93e0 0061 	STS  97,R30
                 ; 0000 00CE CLKPR=0x00;
0000cb e0e0      	LDI  R30,LOW(0)
0000cc 93e0 0061 	STS  97,R30
                 ; 0000 00CF #ifdef _OPTIMIZE_SIZE_
                 ; 0000 00D0 #pragma optsize+
                 ; 0000 00D1 #endif
                 ; 0000 00D2 
                 ; 0000 00D3 // Input/Output Ports initialization
                 ; 0000 00D4 // Port B initialization
                 ; 0000 00D5 // Func7=In Func6=In Func5=In Func4=In Func3=In Func2=In Func1=In Func0=In
                 ; 0000 00D6 // State7=T State6=T State5=T State4=T State3=T State2=T State1=T State0=T
                 ; 0000 00D7 PORTB=0x00;
0000ce b9e5      	OUT  0x5,R30
                 ; 0000 00D8 DDRB=0x00;
0000cf b9e4      	OUT  0x4,R30
                 ; 0000 00D9 
                 ; 0000 00DA // Port C initialization
                 ; 0000 00DB // Func6=In Func5=In Func4=In Func3=In Func2=In Func1=In Func0=In
                 ; 0000 00DC // State6=T State5=T State4=T State3=T State2=T State1=T State0=T
                 ; 0000 00DD PORTC=0x00;
0000d0 b9e8      	OUT  0x8,R30
                 ; 0000 00DE DDRC=0x00;
0000d1 b9e7      	OUT  0x7,R30
                 ; 0000 00DF 
                 ; 0000 00E0 // Port D initialization
                 ; 0000 00E1 // Func7=In Func6=In Func5=In Func4=In Func3=In Func2=In Func1=In Func0=In
                 ; 0000 00E2 // State7=T State6=T State5=T State4=T State3=T State2=T State1=T State0=T
                 ; 0000 00E3 PORTD=0x00;
0000d2 b9eb      	OUT  0xB,R30
                 ; 0000 00E4 DDRD=0x00;
0000d3 b9ea      	OUT  0xA,R30
                 ; 0000 00E5 
                 ; 0000 00E6 // Timer/Counter 0 initialization
                 ; 0000 00E7 // Clock source: System Clock
                 ; 0000 00E8 // Clock value: Timer 0 Stopped
                 ; 0000 00E9 // Mode: Normal top=0xFF
                 ; 0000 00EA // OC0A output: Disconnected
                 ; 0000 00EB // OC0B output: Disconnected
                 ; 0000 00EC TCCR0A=0x00;
0000d4 bde4      	OUT  0x24,R30
                 ; 0000 00ED TCCR0B=0x00;
0000d5 bde5      	OUT  0x25,R30
                 ; 0000 00EE TCNT0=0x00;
0000d6 bde6      	OUT  0x26,R30
                 ; 0000 00EF OCR0A=0x00;
0000d7 bde7      	OUT  0x27,R30
                 ; 0000 00F0 OCR0B=0x00;
0000d8 bde8      	OUT  0x28,R30
                 ; 0000 00F1 
                 ; 0000 00F2 // Timer/Counter 1 initialization
                 ; 0000 00F3 // Clock source: System Clock
                 ; 0000 00F4 // Clock value: Timer1 Stopped
                 ; 0000 00F5 // Mode: Normal top=0xFFFF
                 ; 0000 00F6 // OC1A output: Discon.
                 ; 0000 00F7 // OC1B output: Discon.
                 ; 0000 00F8 // Noise Canceler: Off
                 ; 0000 00F9 // Input Capture on Falling Edge
                 ; 0000 00FA // Timer1 Overflow Interrupt: Off
                 ; 0000 00FB // Input Capture Interrupt: Off
                 ; 0000 00FC // Compare A Match Interrupt: Off
                 ; 0000 00FD // Compare B Match Interrupt: Off
                 ; 0000 00FE TCCR1A=0x00;
0000d9 93e0 0080 	STS  128,R30
                 ; 0000 00FF TCCR1B=0x00;
0000db 93e0 0081 	STS  129,R30
                 ; 0000 0100 TCNT1H=0x00;
0000dd 93e0 0085 	STS  133,R30
                 ; 0000 0101 TCNT1L=0x00;
0000df 93e0 0084 	STS  132,R30
                 ; 0000 0102 ICR1H=0x00;
0000e1 93e0 0087 	STS  135,R30
                 ; 0000 0103 ICR1L=0x00;
0000e3 93e0 0086 	STS  134,R30
                 ; 0000 0104 OCR1AH=0x00;
0000e5 93e0 0089 	STS  137,R30
                 ; 0000 0105 OCR1AL=0x00;
0000e7 93e0 0088 	STS  136,R30
                 ; 0000 0106 OCR1BH=0x00;
0000e9 93e0 008b 	STS  139,R30
                 ; 0000 0107 OCR1BL=0x00;
0000eb 93e0 008a 	STS  138,R30
                 ; 0000 0108 
                 ; 0000 0109 // Timer/Counter 2 initialization
                 ; 0000 010A // Clock source: System Clock
                 ; 0000 010B // Clock value: Timer2 Stopped
                 ; 0000 010C // Mode: Normal top=0xFF
                 ; 0000 010D // OC2A output: Disconnected
                 ; 0000 010E // OC2B output: Disconnected
                 ; 0000 010F ASSR=0x00;
0000ed 93e0 00b6 	STS  182,R30
                 ; 0000 0110 TCCR2A=0x00;
0000ef 93e0 00b0 	STS  176,R30
                 ; 0000 0111 TCCR2B=0x00;
0000f1 93e0 00b1 	STS  177,R30
                 ; 0000 0112 TCNT2=0x00;
0000f3 93e0 00b2 	STS  178,R30
                 ; 0000 0113 OCR2A=0x00;
0000f5 93e0 00b3 	STS  179,R30
                 ; 0000 0114 OCR2B=0x00;
0000f7 93e0 00b4 	STS  180,R30
                 ; 0000 0115 
                 ; 0000 0116 // External Interrupt(s) initialization
                 ; 0000 0117 // INT0: Off
                 ; 0000 0118 // INT1: Off
                 ; 0000 0119 // Interrupt on any change on pins PCINT0-7: Off
                 ; 0000 011A // Interrupt on any change on pins PCINT8-14: Off
                 ; 0000 011B // Interrupt on any change on pins PCINT16-23: Off
                 ; 0000 011C EICRA=0x00;
0000f9 93e0 0069 	STS  105,R30
                 ; 0000 011D EIMSK=0x00;
0000fb bbed      	OUT  0x1D,R30
                 ; 0000 011E PCICR=0x00;
0000fc 93e0 0068 	STS  104,R30
                 ; 0000 011F 
                 ; 0000 0120 // Timer/Counter 0 Interrupt(s) initialization
                 ; 0000 0121 TIMSK0=0x00;
0000fe 93e0 006e 	STS  110,R30
                 ; 0000 0122 
                 ; 0000 0123 // Timer/Counter 1 Interrupt(s) initialization
                 ; 0000 0124 TIMSK1=0x00;
000100 93e0 006f 	STS  111,R30
                 ; 0000 0125 
                 ; 0000 0126 // Timer/Counter 2 Interrupt(s) initialization
                 ; 0000 0127 TIMSK2=0x00;
000102 93e0 0070 	STS  112,R30
                 ; 0000 0128 
                 ; 0000 0129 // USART initialization
                 ; 0000 012A // Communication Parameters: 8 Data, 1 Stop, No Parity
                 ; 0000 012B // USART Receiver: On
                 ; 0000 012C // USART Transmitter: On
                 ; 0000 012D // USART0 Mode: Asynchronous
                 ; 0000 012E // USART Baud Rate: 9600
                 ; 0000 012F UCSR0A=0x00;
000104 93e0 00c0 	STS  192,R30
                 ; 0000 0130 UCSR0B=0xD8;
000106 ede8      	LDI  R30,LOW(216)
000107 93e0 00c1 	STS  193,R30
                 ; 0000 0131 UCSR0C=0x06;
000109 e0e6      	LDI  R30,LOW(6)
00010a 93e0 00c2 	STS  194,R30
                 ; 0000 0132 UBRR0H=0x00;
00010c e0e0      	LDI  R30,LOW(0)
00010d 93e0 00c5 	STS  197,R30
                 ; 0000 0133 UBRR0L=0x81;
00010f e8e1      	LDI  R30,LOW(129)
000110 93e0 00c4 	STS  196,R30
                 ; 0000 0134 
                 ; 0000 0135 // Analog Comparator initialization
                 ; 0000 0136 // Analog Comparator: On
                 ; 0000 0137 // The Analog Comparator's positive input is
                 ; 0000 0138 // connected to the Bandgap Voltage Reference
                 ; 0000 0139 // Interrupt on Output Toggle
                 ; 0000 013A // Analog Comparator Input Capture by Timer/Counter 1: On
                 ; 0000 013B ACSR=0x4C;
000112 e4ec      	LDI  R30,LOW(76)
000113 bfe0      	OUT  0x30,R30
                 ; 0000 013C ADCSRB=0x00;
000114 e0e0      	LDI  R30,LOW(0)
000115 93e0 007b 	STS  123,R30
                 ; 0000 013D // Digital input buffer on AIN0: Off
                 ; 0000 013E // Digital input buffer on AIN1: Off
                 ; 0000 013F DIDR1=0x03;
000117 e0e3      	LDI  R30,LOW(3)
000118 93e0 007f 	STS  127,R30
                 ; 0000 0140 
                 ; 0000 0141 // ADC initialization
                 ; 0000 0142 // ADC Clock frequency: 625,000 kHz
                 ; 0000 0143 // ADC Voltage Reference: AREF pin
                 ; 0000 0144 // ADC Auto Trigger Source: ADC Stopped
                 ; 0000 0145 // Only the 8 most significant bits of
                 ; 0000 0146 // the AD conversion result are used
                 ; 0000 0147 // Digital input buffers on ADC0: Off, ADC1: Off, ADC2: Off, ADC3: Off
                 ; 0000 0148 // ADC4: Off, ADC5: Off
                 ; 0000 0149 DIDR0=0x3F;
00011a e3ef      	LDI  R30,LOW(63)
00011b 93e0 007e 	STS  126,R30
                 ; 0000 014A ADMUX=FIRST_ADC_INPUT | (ADC_VREF_TYPE & 0xff);
00011d e2e0      	LDI  R30,LOW(32)
00011e 93e0 007c 	STS  124,R30
                 ; 0000 014B ADCSRA=0xCD;
000120 eced      	LDI  R30,LOW(205)
000121 93e0 007a 	STS  122,R30
                 ; 0000 014C 
                 ; 0000 014D // SPI initialization
                 ; 0000 014E // SPI disabled
                 ; 0000 014F SPCR=0x00;
000123 e0e0      	LDI  R30,LOW(0)
000124 bdec      	OUT  0x2C,R30
                 ; 0000 0150 
                 ; 0000 0151 // TWI initialization
                 ; 0000 0152 // TWI disabled
                 ; 0000 0153 TWCR=0x00;
000125 93e0 00bc 	STS  188,R30
                 ; 0000 0154 
                 ; 0000 0155 // Global enable interrupts
                 ; 0000 0156 #asm("sei")
000127 9478      	sei
                 ; 0000 0157 
                 ; 0000 0158 while (1)
                 _0x17:
                 ; 0000 0159       {
                 ; 0000 015A       // Place your code here
                 ; 0000 015B 
                 ; 0000 015C       }
000128 cfff      	RJMP _0x17
                 ; 0000 015D }
                 _0x1A:
000129 cfff      	RJMP _0x1A
                 	#ifndef __SLEEP_DEFINED__
                 	#endif
                 
                 	.CSEG
                 
                 	.CSEG
                 
                 	.CSEG
                 
                 	.DSEG
                 _rx_buffer0:
000300           	.BYTE 0x8
                 _tx_buffer0:
000308           	.BYTE 0x8
                 _adc_data:
000310           	.BYTE 0x1
                 _input_index_S0000005000:
000311           	.BYTE 0x1
                 
                 	.CSEG
                 
                 	.CSEG
                 ;END OF CODE MARKER
                 __END_OF_CODE:


RESOURCE USE INFORMATION
------------------------

Notice:
The register and instruction counts are symbol table hit counts,
and hence implicitly used resources are not counted, eg, the
'lpm' instruction without operands implicitly uses r0 and z,
none of which are counted.

x,y,z are separate entities in the symbol table and are
counted separately from r26..r31 here.

.dseg memory usage only counts static data declared with .byte

ATmega328P register use summary:
r0 :   0 r1 :   0 r2 :   0 r3 :   0 r4 :   4 r5 :   0 r6 :   3 r7 :   2 
r8 :   4 r9 :   0 r10:   0 r11:   0 r12:   0 r13:   0 r14:   0 r15:   0 
r16:   4 r17:   4 r18:   0 r19:   0 r20:   0 r21:   0 r22:   0 r23:   0 
r24:   8 r25:   1 r26:  13 r27:   6 r28:   1 r29:   1 r30: 112 r31:  11 
x  :   3 y  :  23 z  :   2 
Registers used: 17 out of 35 (48.6%)

ATmega328P instruction use summary:
.lds  :   0 .lds.l:   0 .sts  :   0 .sts.l:   0 adc   :   0 add   :   0 
adiw  :   0 and   :   0 andi  :   1 asr   :   0 bclr  :   0 bld   :   0 
brbc  :   0 brbs  :   0 brcc  :   0 brcs  :   0 break :   0 breq  :   1 
brge  :   0 brhc  :   0 brhs  :   0 brid  :   0 brie  :   0 brlo  :   1 
brlt  :   0 brmi  :   0 brne  :   7 brpl  :   0 brsh  :   0 brtc  :   0 
brts  :   0 brvc  :   0 brvs  :   0 bset  :   0 bst   :   0 call  :   0 
cbi   :   0 cbr   :   1 clc   :   0 clh   :   0 cli   :   1 cln   :   0 
clr   :   5 cls   :   0 clt   :   0 clv   :   0 clz   :   0 com   :   0 
cp    :   3 cpc   :   0 cpi   :   1 cpse  :   0 dec   :   3 des   :   0 
eor   :   0 fmul  :   0 fmuls :   0 fmulsu:   0 icall :   0 ijmp  :   0 
in    :   4 inc   :   3 jmp   :  27 ld    :  11 ldd   :   0 ldi   :  34 
lds   :   7 lpm   :   0 lsl   :   0 lsr   :   0 mov   :   3 movw  :   0 
mul   :   0 muls  :   0 mulsu :   0 neg   :   0 nop   :   0 or    :   0 
ori   :   1 out   :  23 pop   :   0 push  :   0 rcall :   0 ret   :   0 
reti  :   3 rjmp  :   3 rol   :   0 ror   :   0 sbc   :   0 sbci  :   3 
sbi   :   1 sbic  :   0 sbis  :   0 sbiw  :   1 sbr   :   0 sbrc  :   0 
sbrs  :   0 sec   :   0 seh   :   0 sei   :   1 sen   :   0 ser   :   0 
ses   :   0 set   :   0 sev   :   0 sez   :   0 sleep :   0 spm   :   0 
st    :  17 std   :   0 sts   :  41 sub   :   0 subi  :   5 swap  :   0 
tst   :   1 wdr   :   1 
Instructions used: 30 out of 116 (25.9%)

ATmega328P memory use summary [bytes]:
Segment   Begin    End      Code   Data   Used    Size   Use%
---------------------------------------------------------------
[.cseg] 0x000000 0x000254    578     18    596   32768   1.8%
[.dseg] 0x000100 0x000312      0     18     18    2303   0.8%
[.eseg] 0x000000 0x000000      0      0      0    1024   0.0%

Assembly complete, 0 errors, 6 warnings
